// Jest Snapshot v1, https://goo.gl/fbAQLP

exports[`Error Component Render Correctly 1`] = `
<div
  className="errorContainer"
>
  <div>
    Nenhum reposit√≥rio encontrado!
  </div>
</div>
`;
