// Jest Snapshot v1, https://goo.gl/fbAQLP

exports[`Grid Contaiiner Render Correctly 1`] = `
<div
  className="mainContainer"
  data-testid="gridContainer"
>
  <div
    className="errorContainer"
  >
    <div>
      Nenhum repositorio encontrado
    </div>
  </div>
</div>
`;
