// Jest Snapshot v1, https://goo.gl/fbAQLP

exports[`Informationcard Render Correctly 1`] = `
<div
  className="card"
>
  <p>
    language
  </p>
  <h2>
    javascript
  </h2>
</div>
`;
