// Jest Snapshot v1, https://goo.gl/fbAQLP

exports[`User types and Value UserValues snapshot 1`] = `
Object {
  "avatar_url": "https://avatars.githubusercontent.com/u/5783143?v=4",
  "bio": "Full Stack developer, javascript lover and an open source enthusiastic.",
  "blog": "",
  "company": "Qtarkuss",
  "created_at": "2013-10-26T19:17:03Z",
  "email": "rivail.rj@gmail.com",
  "events_url": "https://api.github.com/users/rivailJunior/events{/privacy}",
  "followers": 4,
  "followers_url": "https://api.github.com/users/rivailJunior/followers",
  "following": 2,
  "following_url": "https://api.github.com/users/rivailJunior/following{/other_user}",
  "gists_url": "https://api.github.com/users/rivailJunior/gists{/gist_id}",
  "gravatar_id": "",
  "hireable": true,
  "html_url": "https://github.com/rivailJunior",
  "id": 0,
  "location": "Brasil",
  "login": "rivailJunior",
  "name": "Rivail Santos",
  "node_id": "MDQ6VXNlcjU3ODMxNDM=",
  "organizations_url": "https://api.github.com/users/rivailJunior/orgs",
  "public_gists": 0,
  "public_repos": 12,
  "received_events_url": "https://api.github.com/users/rivailJunior/received_events",
  "repos_url": "https://api.github.com/users/rivailJunior/repos",
  "site_admin": false,
  "starred_url": "https://api.github.com/users/rivailJunior/starred{/owner}{/repo}",
  "subscriptions_url": "https://api.github.com/users/rivailJunior/subscriptions",
  "twitter_username": null,
  "type": "User",
  "updated_at": "2021-04-25T03:20:04Z",
  "url": "https://api.github.com/users/rivailJunior",
}
`;
